[2026-07-28 23:07:42] INFO: Starting Flye 2.9.6-b1802
[2026-07-28 23:07:42] INFO: >>>STAGE: configure
[2026-07-28 23:07:42] INFO: Configuring run
[2026-07-28 23:07:53] INFO: Total read length: 506811866
[2026-07-28 23:07:53] INFO: Reads N50/N90: 20154 / 1903
[2026-07-28 23:07:53] INFO: Minimum overlap set to 2000
[2026-07-28 23:07:53] INFO: >>>STAGE: assembly
[2026-07-28 23:07:53] INFO: Assembling disjointigs
[2026-07-28 23:07:53] INFO: Reading sequences
[2026-07-28 23:08:02] INFO: Building minimizer index
[2026-07-28 23:08:02] INFO: Pre-calculating index storage
0% 10% 20% 30% 40% 50% 60% 70% 80% 90% 100% 
[2026-07-28 23:08:34] INFO: Filling index
0% 10% 20% 30% 40% 50% 60% 70% 80% 90% 100% 
[2026-07-28 23:11:02] INFO: Extending reads
[2026-07-28 23:13:07] INFO: Overlap-based coverage: 62
[2026-07-28 23:13:07] INFO: Median overlap divergence: 0.0111317
0% 10% 70% 80% 100% 
[2026-07-28 23:28:37] INFO: Assembled 7 disjointigs
[2026-07-28 23:28:37] INFO: Generating sequence
0% 10% 20% 30% 40% 50% 60% 70% 80% 90% 100% 
[2026-07-28 23:28:42] INFO: Filtering contained disjointigs
0% 10% 20% 40% 50% 70% 80% 100% 
[2026-07-28 23:28:45] INFO: Contained seqs: 0
[2026-07-28 23:28:45] INFO: >>>STAGE: consensus
[2026-07-28 23:28:45] INFO: Running Minimap2
[2026-07-28 23:35:51] INFO: Computing consensus
[2026-07-28 23:41:07] INFO: Alignment error rate: 0.018814
[2026-07-28 23:41:07] INFO: >>>STAGE: repeat
[2026-07-28 23:41:07] INFO: Building and resolving repeat graph
[2026-07-28 23:41:07] INFO: Parsing disjointigs
[2026-07-28 23:41:07] INFO: Building repeat graph
0% 10% 20% 40% 50% 70% 80% 100% 
[2026-07-28 23:41:12] INFO: Median overlap divergence: 0.0833074
[2026-07-28 23:41:12] INFO: Parsing reads
[2026-07-28 23:41:21] INFO: Aligning reads to the graph
0% 10% 20% 30% 40% 50% 60% 70% 80% 90% 100% 
[2026-07-28 23:44:21] INFO: Aligned read sequence: 434159660 / 451303676 (0.962012)
[2026-07-28 23:44:21] INFO: Median overlap divergence: 0.00504768
[2026-07-28 23:44:21] INFO: Mean edge coverage: 74
[2026-07-28 23:44:21] INFO: Simplifying the graph
[2026-07-28 23:44:21] INFO: >>>STAGE: contigger
[2026-07-28 23:44:21] INFO: Generating contigs
[2026-07-28 23:44:21] INFO: Reading sequences
[2026-07-28 23:44:32] INFO: Generated 9 contigs
[2026-07-28 23:44:32] INFO: Added 0 scaffold connections
[2026-07-28 23:44:32] INFO: >>>STAGE: polishing
[2026-07-28 23:44:32] INFO: Polishing genome (1/1)
[2026-07-28 23:44:32] INFO: Running minimap2
[2026-07-28 23:50:17] INFO: Separating alignment into bubbles
[2026-07-28 23:57:07] INFO: Alignment error rate: 0.013017
[2026-07-28 23:57:07] INFO: Correcting bubbles
0% 10% 20% 30% 40% 50% 60% 70% 80% 90% 100% 
[2026-07-29 00:03:07] INFO: >>>STAGE: finalize
[2026-07-29 00:03:08] INFO: Assembly statistics:

	Total length:	5843794
	Fragments:	8
	Fragments N50:	5306069
	Largest frg:	5306069
	Scaffolds:	0
	Mean coverage:	84

[2026-07-29 00:03:08] INFO: Final assembly: /content/results/flye_asm/assembly.fasta
